  console.warn
    The global process.env.EXPO_OS is not defined. This should be inlined by babel-preset-expo during transformation.

      1 | import React from 'react';
      2 | import { View, Text, Pressable, StyleSheet, Platform } from 'react-native';
    > 3 | import { Ionicons } from '@expo/vector-icons';
        | ^
      4 | import { useTheme } from '@/contexts/ThemeContext';
      5 |
      6 | interface ContextMenuProps {

      at Object.warn (node_modules/expo-modules-core/src/Platform.ts:15:11)
      at Object.require (node_modules/expo-modules-core/src/sweet/setUpJsLogger.fx.ts:2:1)
      at Object.require (node_modules/expo-modules-core/src/index.ts:1:1)
      at node_modules/jest-expo/src/preset/setup.js:219:32
      at Object.require (node_modules/expo-font/src/Font.ts:1:1)
      at Object.require (node_modules/expo-font/src/index.ts:1:1)
      at Object.require (node_modules/@expo/vector-icons/src/createIconSet.tsx:1:1)
      at Object.require (node_modules/@expo/vector-icons/src/AntDesign.ts:3:1)
      at Object.require (node_modules/@expo/vector-icons/src/Icons.ts:3:1)
      at Object.require (components/explorer/ContextMenu.tsx:3:1)
      at Object.require (components/explorer/__tests__/ContextMenu.test.tsx:3:1)

  console.error
    An update to Icon inside a test was not wrapped in act(...).
    
    When testing, code that causes React state updates should be wrapped into act(...):
    
    act(() => {
      /* fire events that update state */
    });
    /* assert on the output */
    
    This ensures that you're testing the behavior the user would see in the browser. Learn more at https://react.dev/link/wrap-tests-with-act

      at node_modules/react-test-renderer/cjs/react-test-renderer.development.js:11801:19
      at runWithFiberInDEV (node_modules/react-test-renderer/cjs/react-test-renderer.development.js:1574:13)
      at warnIfUpdatesNotWrappedWithActDEV (node_modules/react-test-renderer/cjs/react-test-renderer.development.js:11800:9)
      at scheduleUpdateOnFiber (node_modules/react-test-renderer/cjs/react-test-renderer.development.js:10326:9)
      at Object.enqueueSetState (node_modules/react-test-renderer/cjs/react-test-renderer.development.js:14179:14)
      at Icon.Object.<anonymous>.process.env.NODE_ENV.Component.setState (node_modules/react/cjs/react.development.js:632:20)
      at Icon.setState (node_modules/@expo/vector-icons/src/createIconSet.tsx:181:31)
      at asyncGeneratorStep (node_modules/@babel/runtime/helpers/asyncToGenerator.js:3:17)
      at _next (node_modules/@babel/runtime/helpers/asyncToGenerator.js:17:9)

  console.error
    An update to Icon inside a test was not wrapped in act(...).
    
    When testing, code that causes React state updates should be wrapped into act(...):
    
    act(() => {
      /* fire events that update state */
    });
    /* assert on the output */
    
    This ensures that you're testing the behavior the user would see in the browser. Learn more at https://react.dev/link/wrap-tests-with-act

      at node_modules/react-test-renderer/cjs/react-test-renderer.development.js:11801:19
      at runWithFiberInDEV (node_modules/react-test-renderer/cjs/react-test-renderer.development.js:1574:13)
      at warnIfUpdatesNotWrappedWithActDEV (node_modules/react-test-renderer/cjs/react-test-renderer.development.js:11800:9)
      at scheduleUpdateOnFiber (node_modules/react-test-renderer/cjs/react-test-renderer.development.js:10326:9)
      at Object.enqueueSetState (node_modules/react-test-renderer/cjs/react-test-renderer.development.js:14179:14)
      at Icon.Object.<anonymous>.process.env.NODE_ENV.Component.setState (node_modules/react/cjs/react.development.js:632:20)
      at Icon.setState (node_modules/@expo/vector-icons/src/createIconSet.tsx:181:31)
      at asyncGeneratorStep (node_modules/@babel/runtime/helpers/asyncToGenerator.js:3:17)
      at _next (node_modules/@babel/runtime/helpers/asyncToGenerator.js:17:9)

  console.error
    An update to Icon inside a test was not wrapped in act(...).
    
    When testing, code that causes React state updates should be wrapped into act(...):
    
    act(() => {
      /* fire events that update state */
    });
    /* assert on the output */
    
    This ensures that you're testing the behavior the user would see in the browser. Learn more at https://react.dev/link/wrap-tests-with-act

      at node_modules/react-test-renderer/cjs/react-test-renderer.development.js:11801:19
      at runWithFiberInDEV (node_modules/react-test-renderer/cjs/react-test-renderer.development.js:1574:13)
      at warnIfUpdatesNotWrappedWithActDEV (node_modules/react-test-renderer/cjs/react-test-renderer.development.js:11800:9)
      at scheduleUpdateOnFiber (node_modules/react-test-renderer/cjs/react-test-renderer.development.js:10326:9)
      at Object.enqueueSetState (node_modules/react-test-renderer/cjs/react-test-renderer.development.js:14179:14)
      at Icon.Object.<anonymous>.process.env.NODE_ENV.Component.setState (node_modules/react/cjs/react.development.js:632:20)
      at Icon.setState (node_modules/@expo/vector-icons/src/createIconSet.tsx:181:31)
      at asyncGeneratorStep (node_modules/@babel/runtime/helpers/asyncToGenerator.js:3:17)
      at _next (node_modules/@babel/runtime/helpers/asyncToGenerator.js:17:9)

  console.error
    An update to Icon inside a test was not wrapped in act(...).
    
    When testing, code that causes React state updates should be wrapped into act(...):
    
    act(() => {
      /* fire events that update state */
    });
    /* assert on the output */
    
    This ensures that you're testing the behavior the user would see in the browser. Learn more at https://react.dev/link/wrap-tests-with-act

      at node_modules/react-test-renderer/cjs/react-test-renderer.development.js:11801:19
      at runWithFiberInDEV (node_modules/react-test-renderer/cjs/react-test-renderer.development.js:1574:13)
      at warnIfUpdatesNotWrappedWithActDEV (node_modules/react-test-renderer/cjs/react-test-renderer.development.js:11800:9)
      at scheduleUpdateOnFiber (node_modules/react-test-renderer/cjs/react-test-renderer.development.js:10326:9)
      at Object.enqueueSetState (node_modules/react-test-renderer/cjs/react-test-renderer.development.js:14179:14)
      at Icon.Object.<anonymous>.process.env.NODE_ENV.Component.setState (node_modules/react/cjs/react.development.js:632:20)
      at Icon.setState (node_modules/@expo/vector-icons/src/createIconSet.tsx:181:31)
      at asyncGeneratorStep (node_modules/@babel/runtime/helpers/asyncToGenerator.js:3:17)
      at _next (node_modules/@babel/runtime/helpers/asyncToGenerator.js:17:9)

  console.error
    An update to Icon inside a test was not wrapped in act(...).
    
    When testing, code that causes React state updates should be wrapped into act(...):
    
    act(() => {
      /* fire events that update state */
    });
    /* assert on the output */
    
    This ensures that you're testing the behavior the user would see in the browser. Learn more at https://react.dev/link/wrap-tests-with-act

      at node_modules/react-test-renderer/cjs/react-test-renderer.development.js:11801:19
      at runWithFiberInDEV (node_modules/react-test-renderer/cjs/react-test-renderer.development.js:1574:13)
      at warnIfUpdatesNotWrappedWithActDEV (node_modules/react-test-renderer/cjs/react-test-renderer.development.js:11800:9)
      at scheduleUpdateOnFiber (node_modules/react-test-renderer/cjs/react-test-renderer.development.js:10326:9)
      at Object.enqueueSetState (node_modules/react-test-renderer/cjs/react-test-renderer.development.js:14179:14)
      at Icon.Object.<anonymous>.process.env.NODE_ENV.Component.setState (node_modules/react/cjs/react.development.js:632:20)
      at Icon.setState (node_modules/@expo/vector-icons/src/createIconSet.tsx:181:31)
      at asyncGeneratorStep (node_modules/@babel/runtime/helpers/asyncToGenerator.js:3:17)
      at _next (node_modules/@babel/runtime/helpers/asyncToGenerator.js:17:9)

  console.error
    An update to Icon inside a test was not wrapped in act(...).
    
    When testing, code that causes React state updates should be wrapped into act(...):
    
    act(() => {
      /* fire events that update state */
    });
    /* assert on the output */
    
    This ensures that you're testing the behavior the user would see in the browser. Learn more at https://react.dev/link/wrap-tests-with-act

      at node_modules/react-test-renderer/cjs/react-test-renderer.development.js:11801:19
      at runWithFiberInDEV (node_modules/react-test-renderer/cjs/react-test-renderer.development.js:1574:13)
      at warnIfUpdatesNotWrappedWithActDEV (node_modules/react-test-renderer/cjs/react-test-renderer.development.js:11800:9)
      at scheduleUpdateOnFiber (node_modules/react-test-renderer/cjs/react-test-renderer.development.js:10326:9)
      at Object.enqueueSetState (node_modules/react-test-renderer/cjs/react-test-renderer.development.js:14179:14)
      at Icon.Object.<anonymous>.process.env.NODE_ENV.Component.setState (node_modules/react/cjs/react.development.js:632:20)
      at Icon.setState (node_modules/@expo/vector-icons/src/createIconSet.tsx:181:31)
      at asyncGeneratorStep (node_modules/@babel/runtime/helpers/asyncToGenerator.js:3:17)
      at _next (node_modules/@babel/runtime/helpers/asyncToGenerator.js:17:9)

FAIL components/explorer/__tests__/ContextMenu.test.tsx
  ContextMenu
    ✕ shows Youtube Playlist Note option for directories when prop is provided (33 ms)
    ✕ hides Youtube Playlist Note option for files (3 ms)
    ✕ calls onCreateYoutubePlaylist correctly and closes menu (3 ms)

  ● ContextMenu › shows Youtube Playlist Note option for directories when prop is provided

    TypeError: window.removeEventListener is not a function

      37 |     return () => {
      38 |       clearTimeout(timeout);
    > 39 |       window.removeEventListener('click', handleGlobalClick);
         |              ^
      40 |       window.removeEventListener('contextmenu', handleGlobalContextMenu);
      41 |     };
      42 |   }, [visible, onClose]);

      at removeEventListener (components/explorer/ContextMenu.tsx:39:14)
      at Object.react-stack-bottom-frame (node_modules/react-test-renderer/cjs/react-test-renderer.development.js:14074:13)
      at runWithFiberInDEV (node_modules/react-test-renderer/cjs/react-test-renderer.development.js:1574:13)
      at commitHookEffectListUnmount (node_modules/react-test-renderer/cjs/react-test-renderer.development.js:8443:17)
      at commitHookPassiveUnmountEffects (node_modules/react-test-renderer/cjs/react-test-renderer.development.js:8474:11)
      at commitPassiveUnmountEffectsInsideOfDeletedTree_begin (node_modules/react-test-renderer/cjs/react-test-renderer.development.js:10199:13)
      at recursivelyTraversePassiveUnmountEffects (node_modules/react-test-renderer/cjs/react-test-renderer.development.js:10098:13)
      at commitPassiveUnmountOnFiber (node_modules/react-test-renderer/cjs/react-test-renderer.development.js:10125:11)
      at flushPendingEffects (node_modules/react-test-renderer/cjs/react-test-renderer.development.js:11527:11)
      at performWorkOnRootViaSchedulerTask (node_modules/react-test-renderer/cjs/react-test-renderer.development.js:2082:11)
      at flushActQueue (node_modules/react/cjs/react.development.js:566:34)
      at node_modules/react/cjs/react.development.js:822:21

  ● ContextMenu › hides Youtube Playlist Note option for files

    TypeError: window.removeEventListener is not a function

      37 |     return () => {
      38 |       clearTimeout(timeout);
    > 39 |       window.removeEventListener('click', handleGlobalClick);
         |              ^
      40 |       window.removeEventListener('contextmenu', handleGlobalContextMenu);
      41 |     };
      42 |   }, [visible, onClose]);

      at removeEventListener (components/explorer/ContextMenu.tsx:39:14)
      at Object.react-stack-bottom-frame (node_modules/react-test-renderer/cjs/react-test-renderer.development.js:14074:13)
      at runWithFiberInDEV (node_modules/react-test-renderer/cjs/react-test-renderer.development.js:1574:13)
      at commitHookEffectListUnmount (node_modules/react-test-renderer/cjs/react-test-renderer.development.js:8443:17)
      at commitHookPassiveUnmountEffects (node_modules/react-test-renderer/cjs/react-test-renderer.development.js:8474:11)
      at commitPassiveUnmountEffectsInsideOfDeletedTree_begin (node_modules/react-test-renderer/cjs/react-test-renderer.development.js:10199:13)
      at recursivelyTraversePassiveUnmountEffects (node_modules/react-test-renderer/cjs/react-test-renderer.development.js:10098:13)
      at commitPassiveUnmountOnFiber (node_modules/react-test-renderer/cjs/react-test-renderer.development.js:10125:11)
      at flushPendingEffects (node_modules/react-test-renderer/cjs/react-test-renderer.development.js:11527:11)
      at performWorkOnRootViaSchedulerTask (node_modules/react-test-renderer/cjs/react-test-renderer.development.js:2082:11)
      at flushActQueue (node_modules/react/cjs/react.development.js:566:34)
      at node_modules/react/cjs/react.development.js:822:21

  ● ContextMenu › calls onCreateYoutubePlaylist correctly and closes menu

    TypeError: window.removeEventListener is not a function

      37 |     return () => {
      38 |       clearTimeout(timeout);
    > 39 |       window.removeEventListener('click', handleGlobalClick);
         |              ^
      40 |       window.removeEventListener('contextmenu', handleGlobalContextMenu);
      41 |     };
      42 |   }, [visible, onClose]);

      at removeEventListener (components/explorer/ContextMenu.tsx:39:14)
      at Object.react-stack-bottom-frame (node_modules/react-test-renderer/cjs/react-test-renderer.development.js:14074:13)
      at runWithFiberInDEV (node_modules/react-test-renderer/cjs/react-test-renderer.development.js:1574:13)
      at commitHookEffectListUnmount (node_modules/react-test-renderer/cjs/react-test-renderer.development.js:8443:17)
      at commitHookPassiveUnmountEffects (node_modules/react-test-renderer/cjs/react-test-renderer.development.js:8474:11)
      at commitPassiveUnmountEffectsInsideOfDeletedTree_begin (node_modules/react-test-renderer/cjs/react-test-renderer.development.js:10199:13)
      at recursivelyTraversePassiveUnmountEffects (node_modules/react-test-renderer/cjs/react-test-renderer.development.js:10098:13)
      at commitPassiveUnmountOnFiber (node_modules/react-test-renderer/cjs/react-test-renderer.development.js:10125:11)
      at flushPendingEffects (node_modules/react-test-renderer/cjs/react-test-renderer.development.js:11527:11)
      at performWorkOnRootViaSchedulerTask (node_modules/react-test-renderer/cjs/react-test-renderer.development.js:2082:11)
      at flushActQueue (node_modules/react/cjs/react.development.js:566:34)
      at node_modules/react/cjs/react.development.js:822:21

------------------------------|---------|----------|---------|---------|--------------------------
File                          | % Stmts | % Branch | % Funcs | % Lines | Uncovered Line #s        
------------------------------|---------|----------|---------|---------|--------------------------
All files                     |     0.6 |     0.55 |    1.38 |    0.64 |                          
 components                   |       0 |        0 |       0 |       0 |                          
  Editor.tsx                  |       0 |        0 |       0 |       0 | 17-145                   
  Editor.web.tsx              |       0 |        0 |       0 |       0 | 19-1380                  
  ExternalLink.tsx            |       0 |        0 |       0 |       0 | 8-18                     
  GeminiChat.tsx              |       0 |        0 |       0 |       0 | 24-361                   
  HapticTab.tsx               |       0 |        0 |       0 |       0 | 6-14                     
  HelloWave.tsx               |       0 |      100 |       0 |       0 | 4                        
  ParallaxScrollView.tsx      |       0 |        0 |       0 |       0 | 14-65                    
  Terminal.tsx                |       0 |      100 |       0 |       0 | 5-12                     
  Terminal.web.tsx            |       0 |        0 |       0 |       0 | 7-52                     
  ThemedText.tsx              |       0 |        0 |       0 |       0 | 18-36                    
  ThemedView.tsx              |       0 |      100 |       0 |       0 | 11-13                    
 components/editor            |       0 |        0 |       0 |       0 |                          
  EditorContextMenu.tsx       |       0 |        0 |       0 |       0 | 15-61                    
  EditorWorkspace.tsx         |       0 |        0 |       0 |       0 | 71-295                   
  LinkCardComponent.tsx       |       0 |        0 |       0 |       0 | 10-427                   
  LinkCardExtension.tsx       |       0 |      100 |       0 |       0 | 5-48                     
  MobileToolbar.tsx           |       0 |        0 |       0 |       0 | 13-55                    
  ThemeContext.tsx            |       0 |      100 |     100 |       0 | 3                        
  VideoPlayer.tsx             |       0 |      100 |       0 |       0 | 10-13                    
  YoutubeExtractorModal.tsx   |       0 |        0 |       0 |       0 | 18-233                   
 components/explorer          |   13.07 |     9.15 |   22.22 |   14.07 |                          
  ContextMenu.tsx             |   54.05 |    41.17 |   55.55 |   70.37 | 33-34,40,58,66,85,96,104 
  FileExplorer.tsx            |       0 |        0 |       0 |       0 | 43-125                   
  FileItem.tsx                |       0 |        0 |       0 |       0 | 28-194                   
  FileTree.tsx                |       0 |        0 |       0 |       0 | 36-156                   
  RenameModal.tsx             |       0 |        0 |       0 |       0 | 15-66                    
 components/exporter/nextra   |       0 |        0 |       0 |       0 |                          
  LivePreviewLite.tsx         |       0 |        0 |       0 |       0 | 6-71                     
  NextraExportModal.tsx       |       0 |      100 |       0 |       0 | 16-39                    
  NextraExportWizard.tsx      |       0 |        0 |       0 |       0 | 22-100                   
  Step1Identity.tsx           |       0 |      100 |       0 |       0 | 6-61                     
  Step2Theming.tsx            |       0 |        0 |       0 |       0 | 6-92                     
  Step3Options.tsx            |       0 |        0 |       0 |       0 | 13-82                    
 components/exporter/youtube  |       0 |        0 |       0 |       0 |                          
  ExpandedExtractionModal.tsx |       0 |        0 |       0 |       0 | 13-159                   
  PlaylistUpdateDrawer.tsx    |       0 |        0 |       0 |       0 | 13-109                   
 components/gemini            |       0 |        0 |       0 |       0 |                          
  GeminiSettingsModal.tsx     |       0 |        0 |       0 |       0 | 15-157                   
 components/layout            |       0 |        0 |       0 |       0 |                          
  Footer.tsx                  |       0 |        0 |       0 |       0 | 23-96                    
  Header.tsx                  |       0 |        0 |       0 |       0 | 31-210                   
  Sidebar.tsx                 |       0 |        0 |       0 |       0 | 21-97                    
  TabBar.tsx                  |       0 |        0 |       0 |       0 | 21-207                   
 components/plugins           |       0 |        0 |       0 |       0 |                          
  TemplateListView.tsx        |       0 |        0 |       0 |       0 | 12-159                   
 components/preview           |       0 |        0 |       0 |       0 |                          
  ImageViewer.tsx             |       0 |        0 |       0 |       0 | 12-105                   
  MarkdownPreview.tsx         |       0 |        0 |       0 |       0 | 7-71                     
  MarkdownPreview.web.tsx     |       0 |        0 |       0 |       0 | 15-400                   
 components/settings          |       0 |        0 |       0 |       0 |                          
  SettingsModal.tsx           |       0 |        0 |       0 |       0 | 9-286                    
 components/toc               |       0 |        0 |       0 |       0 |                          
  TOCPane.tsx                 |       0 |        0 |       0 |       0 | 23-100                   
 components/ui                |       0 |        0 |       0 |       0 |                          
  Button.tsx                  |       0 |        0 |       0 |       0 | 16-71                    
  Collapsible.tsx             |       0 |        0 |       0 |       0 | 11-37                    
  CopyButton.tsx              |       0 |        0 |       0 |       0 | 12-71                    
  ErrorBoundary.tsx           |       0 |        0 |       0 |       0 | 15-54                    
  IconSymbol.ios.tsx          |       0 |        0 |       0 |       0 | 17                       
  IconSymbol.tsx              |       0 |        0 |       0 |       0 | 16-40                    
  QuickPicker.tsx             |       0 |        0 |       0 |       0 | 22-114                   
  Resizer.tsx                 |       0 |        0 |       0 |       0 | 12-41                    
 hooks                        |       0 |        0 |       0 |       0 |                          
  use-color-scheme.ts         |       0 |        0 |       0 |       0 |                          
  use-color-scheme.web.ts     |       0 |        0 |       0 |       0 | 8-20                     
  use-theme-color.ts          |       0 |        0 |       0 |       0 | 13-19                    
  useFileSystem.ts            |       0 |        0 |       0 |       0 | 10-894                   
  useGemini.ts                |       0 |        0 |       0 |       0 | 7-79                     
  useMarkdownWorker.ts        |       0 |        0 |       0 |       0 | 10-161                   
  usePaneResize.ts            |       0 |        0 |       0 |       0 | 6-231                    
  usePlaylistUpdate.ts        |       0 |        0 |       0 |       0 | 17-55                    
  useRecentFiles.ts           |       0 |        0 |       0 |       0 | 4-64                     
 utils                        |       0 |        0 |       0 |       0 |                          
  ClipboardUtils.ts           |       0 |        0 |       0 |       0 | 8-17                     
  FileSystemUtils.ts          |       0 |        0 |       0 |       0 | 2-98                     
  IndexedDBUtils.ts           |       0 |        0 |       0 |       0 | 8-126                    
  LinkCardUtils.ts            |       0 |        0 |       0 |       0 | 6-78                     
  MarkdownUtils.ts            |       0 |        0 |       0 |       0 | 16-156                   
  PlaylistParserUtils.ts      |       0 |        0 |       0 |       0 | 10-97                    
  TabUtils.ts                 |       0 |        0 |       0 |       0 | 18-121                   
  YoutubeUtils.ts             |       0 |        0 |       0 |       0 | 23-105                   
------------------------------|---------|----------|---------|---------|--------------------------
Test Suites: 1 failed, 1 total
Tests:       3 failed, 3 total
Snapshots:   0 total
Time:        1.18 s
Ran all test suites matching /components\/explorer\/__tests__\/ContextMenu.test.tsx/i.
